// Jest Snapshot v1, https://goo.gl/fbAQLP

exports[`App matches snapshot 1`] = `
<DocumentFragment>
  <header>
    <h1
      class="p-2 text-3xl"
    >
      React Seed
    </h1>
    <hr
      class="mb-4 border"
    />
  </header>
  <main
    class="main"
  >
    <p>
      context test
    </p>
  </main>
</DocumentFragment>
`;
